// Jest Snapshot v1, https://goo.gl/fbAQLP

exports[`Example CurrentWeather should render correcty 1`] = `
Object {
  "asFragment": [Function],
  "baseElement": .c0 {
  display: -webkit-box;
  display: -webkit-flex;
  display: -ms-flexbox;
  display: flex;
  -webkit-flex-direction: column;
  -ms-flex-direction: column;
  flex-direction: column;
  -webkit-box-pack: center;
  -webkit-justify-content: center;
  -ms-flex-pack: center;
  justify-content: center;
  -webkit-align-items: center;
  -webkit-box-align: center;
  -ms-flex-align: center;
  align-items: center;
  -webkit-flex-wrap: wrap;
  -ms-flex-wrap: wrap;
  flex-wrap: wrap;
  height: -webkit-fit-content;
  height: -moz-fit-content;
  height: fit-content;
  margin: 0 10vw;
  color: #fff;
  font-family: Poppins;
  gap: 2rem;
}

.c1 {
  position: relative;
  display: -webkit-box;
  display: -webkit-flex;
  display: -ms-flexbox;
  display: flex;
  -webkit-flex-direction: row;
  -ms-flex-direction: row;
  flex-direction: row;
  -webkit-align-items: baseline;
  -webkit-box-align: baseline;
  -ms-flex-align: baseline;
  align-items: baseline;
  gap: 3rem;
}

.c1 h3 {
  font-size: 2rem;
  font-weight: 600;
}

.c2 h1 {
  font-weight: 700;
  font-size: 2.5rem;
}

.c2 p {
  margin-top: 0px;
  font-weight: 500;
}

.c3 {
  display: -webkit-box;
  display: -webkit-flex;
  display: -ms-flexbox;
  display: flex;
  width: 20rem;
  -webkit-flex-direction: column;
  -ms-flex-direction: column;
  flex-direction: column;
  -webkit-align-items: center;
  -webkit-box-align: center;
  -ms-flex-align: center;
  align-items: center;
  gap: 1rem;
}

.c3 p {
  -webkit-align-self: center;
  -ms-flex-item-align: center;
  align-self: center;
  font-weight: 700;
  border: 1px solid white;
  border-top-right-radius: 40px;
  border-bottom-left-radius: 40px;
  width: 7rem;
  text-align: center;
}

.c3 h5 {
  font-size: 1.2rem;
  font-weight: 400;
}

.c4 {
  display: -webkit-box;
  display: -webkit-flex;
  display: -ms-flexbox;
  display: flex;
  -webkit-flex-direction: row;
  -ms-flex-direction: row;
  flex-direction: row;
  -webkit-align-items: center;
  -webkit-box-align: center;
  -ms-flex-align: center;
  align-items: center;
}

.c4 div {
  margin-right: 0rem;
}

.c4 div h4 {
  font-weight: 600;
  font-size: 1.5rem;
}

.c4 div h4 span {
  font-weight: 400;
  font-size: 1.2rem;
}

.c4 div h5 {
  font-weight: 400;
  font-size: 1.2rem;
  text-align: center;
}

.c4 div h5 span {
  font-weight: 400;
  font-size: 1.2rem;
}

@media (max-width:768px) {
  .c0 {
    margin: 3rem 10vw;
    gap: 2rem;
  }
}

@media (max-width:768px) {
  .c1 {
    gap: 1.5rem;
    -webkit-flex-direction: row;
    -ms-flex-direction: row;
    flex-direction: row;
    -webkit-align-items: center;
    -webkit-box-align: center;
    -ms-flex-align: center;
    align-items: center;
  }
}

@media (max-width:768px) {
  .c1 h3 {
    font-size: 1.5rem;
  }
}

@media (max-width:768px) {
  .c2 h1 {
    font-size: 2rem;
  }
}

@media (max-width:768px) {
  .c2 p {
    font-size: 0.8rem;
  }
}

@media (max-width:768px) {
  .c3 {
    -webkit-box-pack: center;
    -webkit-justify-content: center;
    -ms-flex-pack: center;
    justify-content: center;
    gap: 0.2rem;
  }
}

@media (max-width:768px) {
  .c4 {
    -webkit-flex-direction: column;
    -ms-flex-direction: column;
    flex-direction: column;
    -webkit-box-pack: center;
    -webkit-justify-content: center;
    -ms-flex-pack: center;
    justify-content: center;
    text-align: center;
  }
}

@media (max-width:768px) {
  .c4 div {
    margin-right: 0%;
    -webkit-align-items: center;
    -webkit-box-align: center;
    -ms-flex-align: center;
    align-items: center;
  }
}

@media (max-width:768px) {
  .c4 div h4 span {
    font-size: 1rem;
  }
}

@media (max-width:768px) {
  .c4 div h4 {
    font-size: 1.2rem;
  }
}

@media (max-width:768px) {
  .c4 div h5 {
    font-size: 1.5rem;
  }
}

@media (max-width:768px) {
  .c4 div h5 span {
    font-size: 1rem;
  }
}

<body>
    <div>
      <div
        class="c0"
      >
        <div
          class="c1"
        >
          <div
            class="c2"
          >
            <h1>
              Curent Location
            </h1>
            <p>
              Loading..
            </p>
          </div>
          <h3 />
        </div>
        <div
          class="c3"
        >
          <p>
            Today
          </p>
          <div
            class="c4"
          >
            <div>
              <img
                alt="weather"
                height="100"
                src="SvgrURL"
                width="100"
              />
              <h5 />
            </div>
            <div>
              <h4>
                <span>
                  Feels-Like:
                </span>
                 
                ..
                째
              </h4>
              <h5>
                <span>
                  Temperature:
                </span>
                 
                ..
                째
              </h5>
            </div>
          </div>
        </div>
      </div>
    </div>
  </body>,
  "container": .c0 {
  display: -webkit-box;
  display: -webkit-flex;
  display: -ms-flexbox;
  display: flex;
  -webkit-flex-direction: column;
  -ms-flex-direction: column;
  flex-direction: column;
  -webkit-box-pack: center;
  -webkit-justify-content: center;
  -ms-flex-pack: center;
  justify-content: center;
  -webkit-align-items: center;
  -webkit-box-align: center;
  -ms-flex-align: center;
  align-items: center;
  -webkit-flex-wrap: wrap;
  -ms-flex-wrap: wrap;
  flex-wrap: wrap;
  height: -webkit-fit-content;
  height: -moz-fit-content;
  height: fit-content;
  margin: 0 10vw;
  color: #fff;
  font-family: Poppins;
  gap: 2rem;
}

.c1 {
  position: relative;
  display: -webkit-box;
  display: -webkit-flex;
  display: -ms-flexbox;
  display: flex;
  -webkit-flex-direction: row;
  -ms-flex-direction: row;
  flex-direction: row;
  -webkit-align-items: baseline;
  -webkit-box-align: baseline;
  -ms-flex-align: baseline;
  align-items: baseline;
  gap: 3rem;
}

.c1 h3 {
  font-size: 2rem;
  font-weight: 600;
}

.c2 h1 {
  font-weight: 700;
  font-size: 2.5rem;
}

.c2 p {
  margin-top: 0px;
  font-weight: 500;
}

.c3 {
  display: -webkit-box;
  display: -webkit-flex;
  display: -ms-flexbox;
  display: flex;
  width: 20rem;
  -webkit-flex-direction: column;
  -ms-flex-direction: column;
  flex-direction: column;
  -webkit-align-items: center;
  -webkit-box-align: center;
  -ms-flex-align: center;
  align-items: center;
  gap: 1rem;
}

.c3 p {
  -webkit-align-self: center;
  -ms-flex-item-align: center;
  align-self: center;
  font-weight: 700;
  border: 1px solid white;
  border-top-right-radius: 40px;
  border-bottom-left-radius: 40px;
  width: 7rem;
  text-align: center;
}

.c3 h5 {
  font-size: 1.2rem;
  font-weight: 400;
}

.c4 {
  display: -webkit-box;
  display: -webkit-flex;
  display: -ms-flexbox;
  display: flex;
  -webkit-flex-direction: row;
  -ms-flex-direction: row;
  flex-direction: row;
  -webkit-align-items: center;
  -webkit-box-align: center;
  -ms-flex-align: center;
  align-items: center;
}

.c4 div {
  margin-right: 0rem;
}

.c4 div h4 {
  font-weight: 600;
  font-size: 1.5rem;
}

.c4 div h4 span {
  font-weight: 400;
  font-size: 1.2rem;
}

.c4 div h5 {
  font-weight: 400;
  font-size: 1.2rem;
  text-align: center;
}

.c4 div h5 span {
  font-weight: 400;
  font-size: 1.2rem;
}

@media (max-width:768px) {
  .c0 {
    margin: 3rem 10vw;
    gap: 2rem;
  }
}

@media (max-width:768px) {
  .c1 {
    gap: 1.5rem;
    -webkit-flex-direction: row;
    -ms-flex-direction: row;
    flex-direction: row;
    -webkit-align-items: center;
    -webkit-box-align: center;
    -ms-flex-align: center;
    align-items: center;
  }
}

@media (max-width:768px) {
  .c1 h3 {
    font-size: 1.5rem;
  }
}

@media (max-width:768px) {
  .c2 h1 {
    font-size: 2rem;
  }
}

@media (max-width:768px) {
  .c2 p {
    font-size: 0.8rem;
  }
}

@media (max-width:768px) {
  .c3 {
    -webkit-box-pack: center;
    -webkit-justify-content: center;
    -ms-flex-pack: center;
    justify-content: center;
    gap: 0.2rem;
  }
}

@media (max-width:768px) {
  .c4 {
    -webkit-flex-direction: column;
    -ms-flex-direction: column;
    flex-direction: column;
    -webkit-box-pack: center;
    -webkit-justify-content: center;
    -ms-flex-pack: center;
    justify-content: center;
    text-align: center;
  }
}

@media (max-width:768px) {
  .c4 div {
    margin-right: 0%;
    -webkit-align-items: center;
    -webkit-box-align: center;
    -ms-flex-align: center;
    align-items: center;
  }
}

@media (max-width:768px) {
  .c4 div h4 span {
    font-size: 1rem;
  }
}

@media (max-width:768px) {
  .c4 div h4 {
    font-size: 1.2rem;
  }
}

@media (max-width:768px) {
  .c4 div h5 {
    font-size: 1.5rem;
  }
}

@media (max-width:768px) {
  .c4 div h5 span {
    font-size: 1rem;
  }
}

<div>
    <div
      class="c0"
    >
      <div
        class="c1"
      >
        <div
          class="c2"
        >
          <h1>
            Curent Location
          </h1>
          <p>
            Loading..
          </p>
        </div>
        <h3 />
      </div>
      <div
        class="c3"
      >
        <p>
          Today
        </p>
        <div
          class="c4"
        >
          <div>
            <img
              alt="weather"
              height="100"
              src="SvgrURL"
              width="100"
            />
            <h5 />
          </div>
          <div>
            <h4>
              <span>
                Feels-Like:
              </span>
               
              ..
              째
            </h4>
            <h5>
              <span>
                Temperature:
              </span>
               
              ..
              째
            </h5>
          </div>
        </div>
      </div>
    </div>
  </div>,
  "debug": [Function],
  "findAllByAltText": [Function],
  "findAllByDisplayValue": [Function],
  "findAllByLabelText": [Function],
  "findAllByPlaceholderText": [Function],
  "findAllByRole": [Function],
  "findAllByTestId": [Function],
  "findAllByText": [Function],
  "findAllByTitle": [Function],
  "findByAltText": [Function],
  "findByDisplayValue": [Function],
  "findByLabelText": [Function],
  "findByPlaceholderText": [Function],
  "findByRole": [Function],
  "findByTestId": [Function],
  "findByText": [Function],
  "findByTitle": [Function],
  "getAllByAltText": [Function],
  "getAllByDisplayValue": [Function],
  "getAllByLabelText": [Function],
  "getAllByPlaceholderText": [Function],
  "getAllByRole": [Function],
  "getAllByTestId": [Function],
  "getAllByText": [Function],
  "getAllByTitle": [Function],
  "getByAltText": [Function],
  "getByDisplayValue": [Function],
  "getByLabelText": [Function],
  "getByPlaceholderText": [Function],
  "getByRole": [Function],
  "getByTestId": [Function],
  "getByText": [Function],
  "getByTitle": [Function],
  "queryAllByAltText": [Function],
  "queryAllByDisplayValue": [Function],
  "queryAllByLabelText": [Function],
  "queryAllByPlaceholderText": [Function],
  "queryAllByRole": [Function],
  "queryAllByTestId": [Function],
  "queryAllByText": [Function],
  "queryAllByTitle": [Function],
  "queryByAltText": [Function],
  "queryByDisplayValue": [Function],
  "queryByLabelText": [Function],
  "queryByPlaceholderText": [Function],
  "queryByRole": [Function],
  "queryByTestId": [Function],
  "queryByText": [Function],
  "queryByTitle": [Function],
  "rerender": [Function],
  "unmount": [Function],
}
`;
