// Jest Snapshot v1, https://goo.gl/fbAQLP

exports[`Example ThemeToggle should render correcty 1`] = `
Object {
  "asFragment": [Function],
  "baseElement": .c0 {
  position: absolute;
  right: 13%;
  top: 5%;
}

@media (max-width:768px) {
  .c0 {
    right: 40%;
    top: 0.7rem;
  }
}

<body>
    <div>
      <div
        class="c0"
      >
        <div
          style="position: relative; display: inline-block; text-align: left; opacity: 1; direction: ltr; border-radius: 20px; transition: opacity 0.25s; user-select: none;"
        >
          <div
            class="react-switch-bg"
            style="height: 40px; width: 80px; margin: 0px; position: relative; background: rgb(13, 15, 64); border-radius: 45px; cursor: pointer; transition: background 0.25s;"
          >
            <div
              style="height: 40px; width: 42px; position: relative; opacity: 1; pointer-events: none; transition: opacity 0.25s;"
            >
              <div
                style="display: flex; justify-content: center; align-items: center; height: 100%; font-size: 25px; color: white; padding-right: 2px; font-family: Poppins;"
              >
                <img
                  alt="weather"
                  height="30"
                  src="SvgrURL"
                  width="30"
                />
              </div>
            </div>
            <div
              style="height: 40px; width: 42px; position: absolute; opacity: 0; right: 0px; top: 0px; pointer-events: none; transition: opacity 0.25s;"
            >
              <div
                style="display: flex; justify-content: center; align-items: center; text-align: center; height: 100%; font-size: 25px; color: white; padding-right: 2px; font-family: Poppins;"
              >
                <img
                  alt="weather"
                  height="30"
                  src="SvgrURL"
                  width="30"
                />
              </div>
            </div>
          </div>
          <div
            class="react-switch-handle"
            style="height: 38px; width: 38px; background: rgb(131, 194, 218); display: inline-block; cursor: pointer; border-radius: 44px; position: absolute; transform: translateX(41px); top: 1px; outline: 0; border: 0px; transition: background-color 0.25s, transform 0.25s, box-shadow 0.15s;"
          />
          <input
            aria-checked="true"
            checked=""
            role="switch"
            style="border: 0px; height: 1px; margin: -1px; overflow: hidden; padding: 0px; position: absolute; width: 1px;"
            tabindex="6"
            type="checkbox"
          />
        </div>
      </div>
    </div>
  </body>,
  "container": .c0 {
  position: absolute;
  right: 13%;
  top: 5%;
}

@media (max-width:768px) {
  .c0 {
    right: 40%;
    top: 0.7rem;
  }
}

<div>
    <div
      class="c0"
    >
      <div
        style="position: relative; display: inline-block; text-align: left; opacity: 1; direction: ltr; border-radius: 20px; transition: opacity 0.25s; user-select: none;"
      >
        <div
          class="react-switch-bg"
          style="height: 40px; width: 80px; margin: 0px; position: relative; background: rgb(13, 15, 64); border-radius: 45px; cursor: pointer; transition: background 0.25s;"
        >
          <div
            style="height: 40px; width: 42px; position: relative; opacity: 1; pointer-events: none; transition: opacity 0.25s;"
          >
            <div
              style="display: flex; justify-content: center; align-items: center; height: 100%; font-size: 25px; color: white; padding-right: 2px; font-family: Poppins;"
            >
              <img
                alt="weather"
                height="30"
                src="SvgrURL"
                width="30"
              />
            </div>
          </div>
          <div
            style="height: 40px; width: 42px; position: absolute; opacity: 0; right: 0px; top: 0px; pointer-events: none; transition: opacity 0.25s;"
          >
            <div
              style="display: flex; justify-content: center; align-items: center; text-align: center; height: 100%; font-size: 25px; color: white; padding-right: 2px; font-family: Poppins;"
            >
              <img
                alt="weather"
                height="30"
                src="SvgrURL"
                width="30"
              />
            </div>
          </div>
        </div>
        <div
          class="react-switch-handle"
          style="height: 38px; width: 38px; background: rgb(131, 194, 218); display: inline-block; cursor: pointer; border-radius: 44px; position: absolute; transform: translateX(41px); top: 1px; outline: 0; border: 0px; transition: background-color 0.25s, transform 0.25s, box-shadow 0.15s;"
        />
        <input
          aria-checked="true"
          checked=""
          role="switch"
          style="border: 0px; height: 1px; margin: -1px; overflow: hidden; padding: 0px; position: absolute; width: 1px;"
          tabindex="6"
          type="checkbox"
        />
      </div>
    </div>
  </div>,
  "debug": [Function],
  "findAllByAltText": [Function],
  "findAllByDisplayValue": [Function],
  "findAllByLabelText": [Function],
  "findAllByPlaceholderText": [Function],
  "findAllByRole": [Function],
  "findAllByTestId": [Function],
  "findAllByText": [Function],
  "findAllByTitle": [Function],
  "findByAltText": [Function],
  "findByDisplayValue": [Function],
  "findByLabelText": [Function],
  "findByPlaceholderText": [Function],
  "findByRole": [Function],
  "findByTestId": [Function],
  "findByText": [Function],
  "findByTitle": [Function],
  "getAllByAltText": [Function],
  "getAllByDisplayValue": [Function],
  "getAllByLabelText": [Function],
  "getAllByPlaceholderText": [Function],
  "getAllByRole": [Function],
  "getAllByTestId": [Function],
  "getAllByText": [Function],
  "getAllByTitle": [Function],
  "getByAltText": [Function],
  "getByDisplayValue": [Function],
  "getByLabelText": [Function],
  "getByPlaceholderText": [Function],
  "getByRole": [Function],
  "getByTestId": [Function],
  "getByText": [Function],
  "getByTitle": [Function],
  "queryAllByAltText": [Function],
  "queryAllByDisplayValue": [Function],
  "queryAllByLabelText": [Function],
  "queryAllByPlaceholderText": [Function],
  "queryAllByRole": [Function],
  "queryAllByTestId": [Function],
  "queryAllByText": [Function],
  "queryAllByTitle": [Function],
  "queryByAltText": [Function],
  "queryByDisplayValue": [Function],
  "queryByLabelText": [Function],
  "queryByPlaceholderText": [Function],
  "queryByRole": [Function],
  "queryByTestId": [Function],
  "queryByText": [Function],
  "queryByTitle": [Function],
  "rerender": [Function],
  "unmount": [Function],
}
`;
