// Jest Snapshot v1, https://goo.gl/fbAQLP

exports[`Example ForecastSwitch should render correcty 1`] = `
Object {
  "asFragment": [Function],
  "baseElement": .c0 {
  display: -webkit-box;
  display: -webkit-flex;
  display: -ms-flexbox;
  display: flex;
  -webkit-flex-wrap: wrap;
  -ms-flex-wrap: wrap;
  flex-wrap: wrap;
  margin: 3rem 10vw;
  -webkit-box-pack: center;
  -webkit-justify-content: center;
  -ms-flex-pack: center;
  justify-content: center;
  gap: 2rem;
  background: rgba(255,255,255,0.1);
  box-shadow: 0 8px 32px 0 rgba(31,38,135,0.37);
  -webkit-backdrop-filter: blur(0px);
  backdrop-filter: blur(0px);
  -webkit-backdrop-filter: blur(0px);
  border-radius: 10px;
  border: 1px solid rgba(255,255,255,0.18);
}

.c0::-webkit-scrollbar {
  height: 7px;
  width: 2px;
  background: #0d0f40;
}

.c0::-webkit-scrollbar-thumb:horizontal {
  background: #83c2da;
  border-radius: 25px;
}

@media (max-width:768px) {
  .c0 {
    gap: 0%;
  }
}

<body>
    <div>
      <div
        class="c0"
      />
    </div>
  </body>,
  "container": .c0 {
  display: -webkit-box;
  display: -webkit-flex;
  display: -ms-flexbox;
  display: flex;
  -webkit-flex-wrap: wrap;
  -ms-flex-wrap: wrap;
  flex-wrap: wrap;
  margin: 3rem 10vw;
  -webkit-box-pack: center;
  -webkit-justify-content: center;
  -ms-flex-pack: center;
  justify-content: center;
  gap: 2rem;
  background: rgba(255,255,255,0.1);
  box-shadow: 0 8px 32px 0 rgba(31,38,135,0.37);
  -webkit-backdrop-filter: blur(0px);
  backdrop-filter: blur(0px);
  -webkit-backdrop-filter: blur(0px);
  border-radius: 10px;
  border: 1px solid rgba(255,255,255,0.18);
}

.c0::-webkit-scrollbar {
  height: 7px;
  width: 2px;
  background: #0d0f40;
}

.c0::-webkit-scrollbar-thumb:horizontal {
  background: #83c2da;
  border-radius: 25px;
}

@media (max-width:768px) {
  .c0 {
    gap: 0%;
  }
}

<div>
    <div
      class="c0"
    />
  </div>,
  "debug": [Function],
  "findAllByAltText": [Function],
  "findAllByDisplayValue": [Function],
  "findAllByLabelText": [Function],
  "findAllByPlaceholderText": [Function],
  "findAllByRole": [Function],
  "findAllByTestId": [Function],
  "findAllByText": [Function],
  "findAllByTitle": [Function],
  "findByAltText": [Function],
  "findByDisplayValue": [Function],
  "findByLabelText": [Function],
  "findByPlaceholderText": [Function],
  "findByRole": [Function],
  "findByTestId": [Function],
  "findByText": [Function],
  "findByTitle": [Function],
  "getAllByAltText": [Function],
  "getAllByDisplayValue": [Function],
  "getAllByLabelText": [Function],
  "getAllByPlaceholderText": [Function],
  "getAllByRole": [Function],
  "getAllByTestId": [Function],
  "getAllByText": [Function],
  "getAllByTitle": [Function],
  "getByAltText": [Function],
  "getByDisplayValue": [Function],
  "getByLabelText": [Function],
  "getByPlaceholderText": [Function],
  "getByRole": [Function],
  "getByTestId": [Function],
  "getByText": [Function],
  "getByTitle": [Function],
  "queryAllByAltText": [Function],
  "queryAllByDisplayValue": [Function],
  "queryAllByLabelText": [Function],
  "queryAllByPlaceholderText": [Function],
  "queryAllByRole": [Function],
  "queryAllByTestId": [Function],
  "queryAllByText": [Function],
  "queryAllByTitle": [Function],
  "queryByAltText": [Function],
  "queryByDisplayValue": [Function],
  "queryByLabelText": [Function],
  "queryByPlaceholderText": [Function],
  "queryByRole": [Function],
  "queryByTestId": [Function],
  "queryByText": [Function],
  "queryByTitle": [Function],
  "rerender": [Function],
  "unmount": [Function],
}
`;
